// Vitest Snapshot v1, https://vitest.dev/guide/snapshot.html

exports[`HomePage component > renders the component with .homepage class 1`] = `
<div>
  <div
    class="homepage"
  >
    <h2
      id="text1"
    >
      Unbeatable Prices
    </h2>
    <h2
      id="text2"
    >
      Doorbuster Price
    </h2>
    <h2
      id="text3"
    >
      Exclusive Promotions
    </h2>
    <h2
      id="text4"
    >
      Markdown Madness
    </h2>
    <h2
      id="text5"
    >
      Clearance Event
    </h2>
    <h2
      id="text6"
    >
      Limited-Time Offer
    </h2>
    <h2
      id="text7"
    >
      Mega Salet
    </h2>
  </div>
</div>
`;
